Performing C++ SOURCE FILE Test CMAKE_HAVE_LIBC_PTHREAD failed with the following output:
Change Dir: /home/niekmorsinkhof/Documents/local/simulator/build/CMakeFiles/CMakeTmp

Run Build Command(s):/usr/bin/make cmTC_d6329/fast && make[1]: Entering directory '/home/niekmorsinkhof/Documents/local/simulator/build/CMakeFiles/CMakeTmp'
/usr/bin/make -f CMakeFiles/cmTC_d6329.dir/build.make CMakeFiles/cmTC_d6329.dir/build
make[2]: Entering directory '/home/niekmorsinkhof/Documents/local/simulator/build/CMakeFiles/CMakeTmp'
Building CXX object CMakeFiles/cmTC_d6329.dir/src.cxx.o
/usr/bin/c++    -DCMAKE_HAVE_LIBC_PTHREAD   -o CMakeFiles/cmTC_d6329.dir/src.cxx.o -c /home/niekmorsinkhof/Documents/local/simulator/build/CMakeFiles/CMakeTmp/src.cxx
Linking CXX executable cmTC_d6329
/usr/bin/cmake -E cmake_link_script CMakeFiles/cmTC_d6329.dir/link.txt --verbose=1
/usr/bin/c++   -DCMAKE_HAVE_LIBC_PTHREAD    CMakeFiles/cmTC_d6329.dir/src.cxx.o  -o cmTC_d6329 
/usr/bin/ld: CMakeFiles/cmTC_d6329.dir/src.cxx.o: in function `main':
src.cxx:(.text+0x46): undefined reference to `pthread_create'
/usr/bin/ld: src.cxx:(.text+0x52): undefined reference to `pthread_detach'
/usr/bin/ld: src.cxx:(.text+0x63): undefined reference to `pthread_join'
collect2: error: ld returned 1 exit status
make[2]: *** [CMakeFiles/cmTC_d6329.dir/build.make:87: cmTC_d6329] Error 1
make[2]: Leaving directory '/home/niekmorsinkhof/Documents/local/simulator/build/CMakeFiles/CMakeTmp'
make[1]: *** [Makefile:121: cmTC_d6329/fast] Error 2
make[1]: Leaving directory '/home/niekmorsinkhof/Documents/local/simulator/build/CMakeFiles/CMakeTmp'


Source file was:
#include <pthread.h>

void* test_func(void* data)
{
  return data;
}

int main(void)
{
  pthread_t thread;
  pthread_create(&thread, NULL, test_func, NULL);
  pthread_detach(thread);
  pthread_join(thread, NULL);
  pthread_atfork(NULL, NULL, NULL);
  pthread_exit(NULL);

  return 0;
}

Determining if the function pthread_create exists in the pthreads failed with the following output:
Change Dir: /home/niekmorsinkhof/Documents/local/simulator/build/CMakeFiles/CMakeTmp

Run Build Command(s):/usr/bin/make cmTC_a45b2/fast && make[1]: Entering directory '/home/niekmorsinkhof/Documents/local/simulator/build/CMakeFiles/CMakeTmp'
/usr/bin/make -f CMakeFiles/cmTC_a45b2.dir/build.make CMakeFiles/cmTC_a45b2.dir/build
make[2]: Entering directory '/home/niekmorsinkhof/Documents/local/simulator/build/CMakeFiles/CMakeTmp'
Building CXX object CMakeFiles/cmTC_a45b2.dir/CheckFunctionExists.cxx.o
/usr/bin/c++    -DCHECK_FUNCTION_EXISTS=pthread_create   -o CMakeFiles/cmTC_a45b2.dir/CheckFunctionExists.cxx.o -c /home/niekmorsinkhof/Documents/local/simulator/build/CMakeFiles/CheckLibraryExists/CheckFunctionExists.cxx
Linking CXX executable cmTC_a45b2
/usr/bin/cmake -E cmake_link_script CMakeFiles/cmTC_a45b2.dir/link.txt --verbose=1
/usr/bin/c++   -DCHECK_FUNCTION_EXISTS=pthread_create    CMakeFiles/cmTC_a45b2.dir/CheckFunctionExists.cxx.o  -o cmTC_a45b2  -lpthreads 
/usr/bin/ld: cannot find -lpthreads
collect2: error: ld returned 1 exit status
make[2]: *** [CMakeFiles/cmTC_a45b2.dir/build.make:87: cmTC_a45b2] Error 1
make[2]: Leaving directory '/home/niekmorsinkhof/Documents/local/simulator/build/CMakeFiles/CMakeTmp'
make[1]: *** [Makefile:121: cmTC_a45b2/fast] Error 2
make[1]: Leaving directory '/home/niekmorsinkhof/Documents/local/simulator/build/CMakeFiles/CMakeTmp'



